// Jest Snapshot v1, https://goo.gl/fbAQLP

exports[`Filter should render correctly in "debug" mode 1`] = `
<div
  className="text-right"
>
  <span>
    Sort by: 
  </span>
  <a
    href="#"
  >
    realease date
  </a>
  /
  <a
    href="#"
  >
    rating
  </a>
</div>
`;
