// Jest Snapshot v1, https://goo.gl/fbAQLP

exports[`Results should render correctly in "debug" mode 1`] = `
<div>
  7 moview found
</div>
`;
